Copyright 1986-2020 Xilinx, Inc. All Rights Reserved.
---------------------------------------------------------------------------------------------
| Tool Version      : Vivado v.2020.1.1 (lin64) Build 2960000 Wed Aug  5 22:57:21 MDT 2020
| Date              : Wed Apr 21 09:04:10 2021
| Host              : edev running 64-bit Ubuntu 18.04.5 LTS
| Command           : report_clock_utilization -file system_top_clock_utilization_routed.rpt
| Design            : system_top
| Device            : xczu6eg-ffvc900
| Speed File        : -1  PRODUCTION 1.28 07-24-2020
| Temperature Grade : I
| Design State      : Routed
---------------------------------------------------------------------------------------------

Clock Utilization Report

Table of Contents
-----------------
1. Clock Primitive Utilization
2. Global Clock Resources
3. Global Clock Source Details
4. Local Clock Details
5. Clock Regions : Clock Primitives
6. Clock Regions : Load Primitives
7. Clock Regions : Global Clock Summary
8. Clock Regions : Routing Resource Utilization
9. Device Cell Placement Summary for Global Clock g0
10. Device Cell Placement Summary for Global Clock g1
11. Device Cell Placement Summary for Global Clock g2
12. Device Cell Placement Summary for Global Clock g3
13. Device Cell Placement Summary for Global Clock g4
14. Device Cell Placement Summary for Global Clock g5
15. Device Cell Placement Summary for Global Clock g6
16. Device Cell Placement Summary for Global Clock g7
17. Device Cell Placement Summary for Global Clock g8
18. Device Cell Placement Summary for Global Clock g9
19. Device Cell Placement Summary for Global Clock g10
20. Device Cell Placement Summary for Global Clock g11
21. Device Cell Placement Summary for Global Clock g12
22. Clock Region Cell Placement per Global Clock: Region X1Y0
23. Clock Region Cell Placement per Global Clock: Region X2Y0
24. Clock Region Cell Placement per Global Clock: Region X3Y0
25. Clock Region Cell Placement per Global Clock: Region X1Y1
26. Clock Region Cell Placement per Global Clock: Region X2Y1
27. Clock Region Cell Placement per Global Clock: Region X3Y1
28. Clock Region Cell Placement per Global Clock: Region X1Y2
29. Clock Region Cell Placement per Global Clock: Region X2Y2
30. Clock Region Cell Placement per Global Clock: Region X3Y2
31. Clock Region Cell Placement per Global Clock: Region X0Y3
32. Clock Region Cell Placement per Global Clock: Region X1Y3
33. Clock Region Cell Placement per Global Clock: Region X2Y3
34. Clock Region Cell Placement per Global Clock: Region X3Y3

1. Clock Primitive Utilization
------------------------------

+------------+------+-----------+-----+--------------+--------+
| Type       | Used | Available | LOC | Clock Region | Pblock |
+------------+------+-----------+-----+--------------+--------+
| BUFGCE     |    8 |       116 |   0 |            0 |      0 |
| BUFGCE_DIV |    3 |        16 |   0 |            0 |      0 |
| BUFGCTRL   |    0 |        32 |   0 |            0 |      0 |
| BUFG_GT    |    0 |       168 |   0 |            0 |      0 |
| MMCM       |    2 |         4 |   0 |            0 |      0 |
| PLL        |    0 |         8 |   0 |            0 |      0 |
+------------+------+-----------+-----+--------------+--------+


2. Global Clock Resources
-------------------------

+-----------+-----------+-----------------+------------+------------------+--------------+------+-------------------+-------------------+-------------+-----------------+--------------+------------------------------------+----------------------------------------------------------------------------------+-----------------------------------------------------------+
| Global Id | Source Id | Driver Type/Pin | Constraint | Site             | Clock Region | Root | Clock Delay Group | Load Clock Region | Clock Loads | Non-Clock Loads | Clock Period | Clock                              | Driver Pin                                                                       | Net                                                       |
+-----------+-----------+-----------------+------------+------------------+--------------+------+-------------------+-------------------+-------------+-----------------+--------------+------------------------------------+----------------------------------------------------------------------------------+-----------------------------------------------------------+
| g0        | src0      | BUFG_PS/O       | None       | BUFG_PS_X0Y53    | X1Y2         | X1Y1 |                   |                 9 |       11015 |               0 |       10.000 | clk_pl_0                           | MercuryXU1_i/MercuryXU1_i/zynq_ultra_ps_e_0/inst/buffer_pl_clk_0.PL_CLK_0_BUFG/O | MercuryXU1_i/MercuryXU1_i/zynq_ultra_ps_e_0/inst/pl_clk0  |
| g1        | src1      | BUFGCE_DIV/O    | None       | BUFGCE_DIV_X0Y3  | X3Y0         | X3Y0 |                   |                 4 |        1297 |               0 |              |                                    | Ad9229Core_b64/U_BUFGCE_DIV/O                                                    | Ad9229Core_b64/s_serDiv2Clk                               |
| g2        | src1      | BUFGCE/O        | None       | BUFGCE_X0Y2      | X3Y0         | X3Y0 |                   |                 1 |          34 |               0 |              |                                    | Ad9229Core_b64/U_serClk/O                                                        | Ad9229Core_b64/s_serClk                                   |
| g3        | src2      | BUFGCE_DIV/O    | None       | BUFGCE_DIV_X0Y6  | X3Y1         | X3Y1 |                   |                 1 |        1297 |               0 |              |                                    | Ad9229Core_b65/U_BUFGCE_DIV/O                                                    | Ad9229Core_b65/s_serDiv2Clk                               |
| g4        | src2      | BUFGCE/O        | None       | BUFGCE_X0Y26     | X3Y1         | X3Y1 |                   |                 1 |          34 |               0 |              |                                    | Ad9229Core_b65/U_serClk/O                                                        | Ad9229Core_b65/s_serClk                                   |
| g5        | src3      | BUFGCE/O        | None       | BUFGCE_X0Y14     | X3Y0         | X2Y0 |                   |                 4 |         951 |               0 |       16.002 | clk_out1_62p5_adc_sample_clk_gen   | serdes_clock_b64_b66/inst/clkout1_buf/O                                          | serdes_clock_b64_b66/inst/clk_out1_62p5                   |
| g6        | src4      | BUFGCE/O        | None       | BUFGCE_X0Y36     | X3Y1         | X3Y1 |                   |                 2 |         951 |               0 |       16.002 | clk_out1_62p5_adc_sample_clk_gen_1 | serdes_clock_b65/inst/clkout1_buf/O                                              | serdes_clock_b65/inst/clk_out1_62p5                       |
| g7        | src5      | BUFGCE_DIV/O    | None       | BUFGCE_DIV_X0Y10 | X3Y2         | X3Y2 |                   |                 3 |         689 |               0 |              |                                    | Ad9229Core_b66/U_BUFGCE_DIV/O                                                    | Ad9229Core_b66/s_serDiv2Clk                               |
| g8        | src5      | BUFGCE/O        | None       | BUFGCE_X0Y50     | X3Y2         | X3Y2 |                   |                 1 |          18 |               0 |              |                                    | Ad9229Core_b66/U_serClk/O                                                        | Ad9229Core_b66/s_serClk                                   |
| g9        | src3      | BUFGCE/O        | None       | BUFGCE_X0Y8      | X3Y0         | X2Y2 |                   |                 3 |         503 |               0 |       16.002 | clk_out2_62p5_adc_sample_clk_gen   | serdes_clock_b64_b66/inst/clkout2_buf/O                                          | serdes_clock_b64_b66/inst/clk_out2_62p5                   |
| g10       | src0      | BUFG_PS/O       | None       | BUFG_PS_X0Y55    | X1Y2         | X1Y2 |                   |                 1 |          41 |               0 |       20.000 | clk_pl_1                           | MercuryXU1_i/MercuryXU1_i/zynq_ultra_ps_e_0/inst/buffer_pl_clk_1.PL_CLK_1_BUFG/O | MercuryXU1_i/MercuryXU1_i/zynq_ultra_ps_e_0/inst/pl_clk1  |
| g11       | src3      | BUFGCE/O        | None       | BUFGCE_X0Y20     | X3Y0         | X2Y0 | n/a               |                 1 |           0 |               1 |        8.001 | clkfbout_adc_sample_clk_gen        | serdes_clock_b64_b66/inst/clkf_buf/O                                             | serdes_clock_b64_b66/inst/clkfbout_buf_adc_sample_clk_gen |
| g12       | src4      | BUFGCE/O        | None       | BUFGCE_X0Y37     | X3Y1         | X3Y1 | n/a               |                 1 |           0 |               1 |        8.001 | clkfbout_adc_sample_clk_gen_1      | serdes_clock_b65/inst/clkf_buf/O                                                 | serdes_clock_b65/inst/clkfbout_buf_adc_sample_clk_gen     |
+-----------+-----------+-----------------+------------+------------------+--------------+------+-------------------+-------------------+-------------+-----------------+--------------+------------------------------------+----------------------------------------------------------------------------------+-----------------------------------------------------------+
* Clock Loads column represents the clock pin loads (pin count)
** Non-Clock Loads column represents the non-clock pin loads (pin count)


3. Global Clock Source Details
------------------------------

+-----------+-----------+---------------------+------------+------------+--------------+-------------+-----------------+---------------------+------------------------------------+-----------------------------------------------------------------+-----------------------------------------------------------------------+
| Source Id | Global Id | Driver Type/Pin     | Constraint | Site       | Clock Region | Clock Loads | Non-Clock Loads | Source Clock Period | Source Clock                       | Driver Pin                                                      | Net                                                                   |
+-----------+-----------+---------------------+------------+------------+--------------+-------------+-----------------+---------------------+------------------------------------+-----------------------------------------------------------------+-----------------------------------------------------------------------+
| src0      | g0        | PS8/PLCLK[0]        | None       | PS8_X0Y0   | X0Y0         |           1 |               0 |              10.000 | clk_pl_0                           | MercuryXU1_i/MercuryXU1_i/zynq_ultra_ps_e_0/inst/PS8_i/PLCLK[0] | MercuryXU1_i/MercuryXU1_i/zynq_ultra_ps_e_0/inst/pl_clk_unbuffered[0] |
| src0      | g10       | PS8/PLCLK[1]        | None       | PS8_X0Y0   | X0Y0         |           1 |               0 |              20.000 | clk_pl_1                           | MercuryXU1_i/MercuryXU1_i/zynq_ultra_ps_e_0/inst/PS8_i/PLCLK[1] | MercuryXU1_i/MercuryXU1_i/zynq_ultra_ps_e_0/inst/pl_clk_unbuffered[1] |
| src1      | g1, g2    | IBUFCTRL/O          | IOB_X1Y26  | IOB_X1Y26  | X3Y0         |           2 |               0 |                     |                                    | Ad9229Core_b64/U_IBUFDS/IBUFCTRL_INST/O                         | Ad9229Core_b64/U_IBUFDS/O                                             |
| src2      | g3, g4    | IBUFCTRL/O          | IOB_X1Y73  | IOB_X1Y73  | X3Y1         |           2 |               0 |                     |                                    | Ad9229Core_b65/U_IBUFDS/IBUFCTRL_INST/O                         | Ad9229Core_b65/U_IBUFDS/O                                             |
| src3      | g5        | MMCME4_ADV/CLKOUT0  | None       | MMCM_X0Y0  | X3Y0         |           1 |               0 |              16.002 | clk_out1_62p5_adc_sample_clk_gen   | serdes_clock_b64_b66/inst/mmcme4_adv_inst/CLKOUT0               | serdes_clock_b64_b66/inst/clk_out1_62p5_adc_sample_clk_gen            |
| src3      | g9        | MMCME4_ADV/CLKOUT1  | None       | MMCM_X0Y0  | X3Y0         |           1 |               0 |              16.002 | clk_out2_62p5_adc_sample_clk_gen   | serdes_clock_b64_b66/inst/mmcme4_adv_inst/CLKOUT1               | serdes_clock_b64_b66/inst/clk_out2_62p5_adc_sample_clk_gen            |
| src3      | g11       | MMCME4_ADV/CLKFBOUT | None       | MMCM_X0Y0  | X3Y0         |           1 |               0 |               8.001 | clkfbout_adc_sample_clk_gen        | serdes_clock_b64_b66/inst/mmcme4_adv_inst/CLKFBOUT              | serdes_clock_b64_b66/inst/clkfbout_adc_sample_clk_gen                 |
| src4      | g6        | MMCME4_ADV/CLKOUT0  | None       | MMCM_X0Y1  | X3Y1         |           1 |               0 |              16.002 | clk_out1_62p5_adc_sample_clk_gen_1 | serdes_clock_b65/inst/mmcme4_adv_inst/CLKOUT0                   | serdes_clock_b65/inst/clk_out1_62p5_adc_sample_clk_gen                |
| src4      | g12       | MMCME4_ADV/CLKFBOUT | None       | MMCM_X0Y1  | X3Y1         |           1 |               0 |               8.001 | clkfbout_adc_sample_clk_gen_1      | serdes_clock_b65/inst/mmcme4_adv_inst/CLKFBOUT                  | serdes_clock_b65/inst/clkfbout_adc_sample_clk_gen                     |
| src5      | g7, g8    | IBUFCTRL/O          | IOB_X1Y132 | IOB_X1Y132 | X3Y2         |           2 |               0 |                     |                                    | Ad9229Core_b66/U_IBUFDS/IBUFCTRL_INST/O                         | Ad9229Core_b66/U_IBUFDS/O                                             |
+-----------+-----------+---------------------+------------+------------+--------------+-------------+-----------------+---------------------+------------------------------------+-----------------------------------------------------------------+-----------------------------------------------------------------------+
* Clock Loads column represents the clock pin loads (pin count)
** Non-Clock Loads column represents the non-clock pin loads (pin count)


4. Local Clock Details
----------------------

+----------+-----------------+------------+---------------------+--------------+-------------+-----------------+--------------+-------+-------------------------------------------------+-----------------------------------+
| Local Id | Driver Type/Pin | Constraint | Site/BEL            | Clock Region | Clock Loads | Non-Clock Loads | Clock Period | Clock | Driver Pin                                      | Net                               |
+----------+-----------------+------------+---------------------+--------------+-------------+-----------------+--------------+-------+-------------------------------------------------+-----------------------------------||
| 0        | IBUFCTRL/O      | IOB_X1Y121 | IOB_X1Y121/IBUFCTRL | X3Y2         |           1 |               0 |              |       | MercuryXU1_i/ps_spi_0_sck_iobuf/IBUFCTRL_INST/O | MercuryXU1_i/ps_spi_0_sck_iobuf/O - Static -
+----------+-----------------+------------+---------------------+--------------+-------------+-----------------+--------------+-------+-------------------------------------------------+-----------------------------------||
* Local Clocks in this context represents only clocks driven by non-global buffers
** Clock Loads column represents the clock pin loads (pin count)
*** Non-Clock Loads column represents the non-clock pin loads (pin count)


5. Clock Regions : Clock Primitives
-----------------------------------

+-------------------+---------------+---------------+---------------+---------------+---------------+---------------+---------------+
|                   |  Global Clock |     BUFGCE    |   BUFGCE_DIV  |    BUFGCTRL   |    BUFG_GT    |      MMCM     |      PLL      |
+-------------------+-------+-------+-------+-------+-------+-------+-------+-------+-------+-------+-------+-------+-------+-------+
| Clock Region Name | Used  | Avail | Used  | Avail | Used  | Avail | Used  | Avail | Used  | Avail | Used  | Avail | Used  | Avail |
+-------------------+-------+-------+-------+-------+-------+-------+-------+-------+-------+-------+-------+-------+-------+-------+
| X0Y0              |     0 |     0 |     0 |     0 |     0 |     0 |     0 |     0 |     0 |     0 |     0 |     0 |     0 |     0 |
| X1Y0              |     1 |    24 |     0 |     0 |     0 |     0 |     0 |     0 |     0 |     0 |     0 |     0 |     0 |     0 |
| X2Y0              |     4 |    24 |     0 |     0 |     0 |     0 |     0 |     0 |     0 |     0 |     0 |     0 |     0 |     0 |
| X3Y0              |     4 |    24 |     4 |    28 |     1 |     4 |     0 |     8 |     0 |     0 |     1 |     1 |     0 |     2 |
| X0Y1              |     0 |     0 |     0 |     0 |     0 |     0 |     0 |     0 |     0 |     0 |     0 |     0 |     0 |     0 |
| X1Y1              |     1 |    24 |     0 |     0 |     0 |     0 |     0 |     0 |     0 |     0 |     0 |     0 |     0 |     0 |
| X2Y1              |     2 |    24 |     0 |     0 |     0 |     0 |     0 |     0 |     0 |     0 |     0 |     0 |     0 |     0 |
| X3Y1              |     6 |    24 |     3 |    24 |     1 |     4 |     0 |     8 |     0 |     0 |     1 |     1 |     0 |     2 |
| X0Y2              |     0 |     0 |     0 |     0 |     0 |     0 |     0 |     0 |     0 |     0 |     0 |     0 |     0 |     0 |
| X1Y2              |     2 |    24 |     0 |     0 |     0 |     0 |     0 |     0 |     0 |     0 |     0 |     0 |     0 |     0 |
| X2Y2              |     2 |    24 |     0 |     0 |     0 |     0 |     0 |     0 |     0 |     0 |     0 |     0 |     0 |     0 |
| X3Y2              |     5 |    24 |     1 |    24 |     1 |     4 |     0 |     8 |     0 |     0 |     0 |     1 |     0 |     2 |
| X0Y3              |     1 |    24 |     0 |     0 |     0 |     0 |     0 |     0 |     0 |    24 |     0 |     0 |     0 |     0 |
| X1Y3              |     1 |    24 |     0 |     0 |     0 |     0 |     0 |     0 |     0 |     0 |     0 |     0 |     0 |     0 |
| X2Y3              |     2 |    24 |     0 |     0 |     0 |     0 |     0 |     0 |     0 |     0 |     0 |     0 |     0 |     0 |
| X3Y3              |     2 |    24 |     0 |    28 |     0 |     4 |     0 |     8 |     0 |     0 |     0 |     1 |     0 |     2 |
| X0Y4              |     0 |    24 |     0 |     0 |     0 |     0 |     0 |     0 |     0 |    24 |     0 |     0 |     0 |     0 |
| X1Y4              |     0 |    24 |     0 |     0 |     0 |     0 |     0 |     0 |     0 |     0 |     0 |     0 |     0 |     0 |
| X2Y4              |     0 |    24 |     0 |     0 |     0 |     0 |     0 |     0 |     0 |     0 |     0 |     0 |     0 |     0 |
| X3Y4              |     0 |    24 |     0 |     4 |     0 |     0 |     0 |     0 |     0 |    24 |     0 |     0 |     0 |     0 |
| X0Y5              |     0 |    24 |     0 |     0 |     0 |     0 |     0 |     0 |     0 |    24 |     0 |     0 |     0 |     0 |
| X1Y5              |     0 |    24 |     0 |     0 |     0 |     0 |     0 |     0 |     0 |     0 |     0 |     0 |     0 |     0 |
| X2Y5              |     0 |    24 |     0 |     0 |     0 |     0 |     0 |     0 |     0 |     0 |     0 |     0 |     0 |     0 |
| X3Y5              |     0 |    24 |     0 |     4 |     0 |     0 |     0 |     0 |     0 |    24 |     0 |     0 |     0 |     0 |
| X0Y6              |     0 |    24 |     0 |     0 |     0 |     0 |     0 |     0 |     0 |    24 |     0 |     0 |     0 |     0 |
| X1Y6              |     0 |    24 |     0 |     0 |     0 |     0 |     0 |     0 |     0 |     0 |     0 |     0 |     0 |     0 |
| X2Y6              |     0 |    24 |     0 |     0 |     0 |     0 |     0 |     0 |     0 |     0 |     0 |     0 |     0 |     0 |
| X3Y6              |     0 |    24 |     0 |     4 |     0 |     0 |     0 |     0 |     0 |    24 |     0 |     0 |     0 |     0 |
+-------------------+-------+-------+-------+-------+-------+-------+-------+-------+-------+-------+-------+-------+-------+-------+
* Global Clock column represents track count; while other columns represents cell counts


6. Clock Regions : Load Primitives
----------------------------------

+-------------------+------------------+------------------+------------------+------------------+------------------+------------------+------------------+
|                   |   Global Clock   |        FF        |      LUTRAM      |  Block RAM (18K) |        DSP       |        GT        |      HARD IP     |
+-------------------+--------+---------+--------+---------+--------+---------+--------+---------+--------+---------+--------+---------+--------+---------+
| Clock Region Name | Used   | Avail   | Used   | Avail   | Used   | Avail   | Used   | Avail   | Used   | Avail   | Used   | Avail   | Used   | Avail   |
+-------------------+--------+---------+--------+---------+--------+---------+--------+---------+--------+---------+--------+---------+--------+---------+
| X0Y0              |      0 |       0 |      0 |       0 |      0 |       0 |      0 |       0 |      0 |       0 |      0 |       0 |      0 |       0 |
| X1Y0              |      1 |      24 |   6629 |   19200 |    190 |    5280 |      2 |      48 |      0 |     120 |      0 |       0 |      0 |       0 |
| X2Y0              |      4 |      24 |    327 |   20160 |      0 |    5280 |      4 |      72 |      0 |      96 |      0 |       0 |      0 |       0 |
| X3Y0              |      4 |      24 |    460 |   19200 |      0 |    4800 |      0 |      72 |      0 |      48 |      0 |       0 |      0 |       0 |
| X0Y1              |      0 |       0 |      0 |       0 |      0 |       0 |      0 |       0 |      0 |       0 |      0 |       0 |      0 |       0 |
| X1Y1              |      1 |      24 |   1091 |   19200 |      0 |    5280 |      0 |      48 |      0 |     120 |      0 |       0 |      0 |       0 |
| X2Y1              |      2 |      24 |    356 |   20160 |      0 |    5280 |      0 |      72 |      0 |      96 |      0 |       0 |      0 |       0 |
| X3Y1              |      6 |      24 |   3415 |   19200 |      0 |    4800 |      0 |      72 |      0 |      48 |      0 |       0 |      0 |       0 |
| X0Y2              |      0 |       0 |      0 |       0 |      0 |       0 |      0 |       0 |      0 |       0 |      0 |       0 |      0 |       0 |
| X1Y2              |      2 |      24 |    583 |   19200 |     18 |    5280 |      0 |      48 |      0 |     120 |      0 |       0 |      0 |       0 |
| X2Y2              |      2 |      24 |     22 |   20160 |      0 |    5280 |      0 |      72 |      0 |      96 |      0 |       0 |      0 |       0 |
| X3Y2              |      5 |      24 |    278 |   19200 |      0 |    4800 |      0 |      72 |      0 |      48 |      0 |       0 |      0 |       0 |
| X0Y3              |      1 |      24 |   1805 |   27840 |    200 |    7200 |      0 |      96 |      0 |     144 |      0 |       4 |      0 |       0 |
| X1Y3              |      1 |      24 |     61 |   25920 |     15 |    7200 |      0 |      72 |      0 |     144 |      0 |       0 |      0 |       0 |
| X2Y3              |      2 |      24 |    220 |   20160 |      0 |    5280 |      0 |      72 |      0 |      96 |      0 |       0 |      0 |       0 |
| X3Y3              |      2 |      24 |    825 |   19200 |      0 |    4800 |      0 |      72 |      0 |      48 |      0 |       0 |      0 |       0 |
| X0Y4              |      0 |      24 |      0 |   27840 |      0 |    7200 |      0 |      96 |      0 |     144 |      0 |       4 |      0 |       0 |
| X1Y4              |      0 |      24 |      0 |   25920 |      0 |    7200 |      0 |      72 |      0 |     144 |      0 |       0 |      0 |       0 |
| X2Y4              |      0 |      24 |      0 |   20160 |      0 |    5280 |      0 |      72 |      0 |      96 |      0 |       0 |      0 |       0 |
| X3Y4              |      0 |      24 |      0 |   19200 |      0 |    4800 |      0 |      72 |      0 |      48 |      0 |       4 |      0 |       0 |
| X0Y5              |      0 |      24 |      0 |   27840 |      0 |    7200 |      0 |      96 |      0 |     144 |      0 |       4 |      0 |       0 |
| X1Y5              |      0 |      24 |      0 |   25920 |      0 |    7200 |      0 |      72 |      0 |     144 |      0 |       0 |      0 |       0 |
| X2Y5              |      0 |      24 |      0 |   20160 |      0 |    5280 |      0 |      72 |      0 |      96 |      0 |       0 |      0 |       0 |
| X3Y5              |      0 |      24 |      0 |   19200 |      0 |    4800 |      0 |      72 |      0 |      48 |      0 |       4 |      0 |       0 |
| X0Y6              |      0 |      24 |      0 |   27840 |      0 |    7200 |      0 |      96 |      0 |     144 |      0 |       4 |      0 |       0 |
| X1Y6              |      0 |      24 |      0 |   25920 |      0 |    7200 |      0 |      72 |      0 |     144 |      0 |       0 |      0 |       0 |
| X2Y6              |      0 |      24 |      0 |   20160 |      0 |    5280 |      0 |      72 |      0 |      96 |      0 |       0 |      0 |       0 |
| X3Y6              |      0 |      24 |      0 |   19200 |      0 |    4800 |      0 |      72 |      0 |      48 |      0 |       4 |      0 |       0 |
+-------------------+--------+---------+--------+---------+--------+---------+--------+---------+--------+---------+--------+---------+--------+---------+
* Global Clock column represents track count; while other columns represents cell counts


7. Clock Regions : Global Clock Summary
---------------------------------------

All Modules
+----+----+----+----+----+
|    | X0 | X1 | X2 | X3 |
+----+----+----+----+----+
| Y6 |  0 |  0 |  0 |  0 |
| Y5 |  0 |  0 |  0 |  0 |
| Y4 |  0 |  0 |  0 |  0 |
| Y3 |  1 |  1 |  2 |  2 |
| Y2 |  0 |  2 |  2 |  5 |
| Y1 |  0 |  1 |  3 |  6 |
| Y0 |  0 |  1 |  5 |  5 |
+----+----+----+----+----+


8. Clock Regions : Routing Resource Utilization
-----------------------------------------------

All Modules
+-------------------+----------------------+----------------------+----------------------+----------------------+
|                   |        HROUTES       |        HDISTRS       |        VROUTES       |        VDISTRS       |
+-------------------+------+-------+-------+------+-------+-------+------+-------+-------+------+-------+-------+
| Clock Region Name | Used | Avail | Util% | Used | Avail | Util% | Used | Avail | Util% | Used | Avail | Util% |
+-------------------+------+-------+-------+------+-------+-------+------+-------+-------+------+-------+-------+
| X0Y0              |    0 |     0 |  0.00 |    0 |     0 |  0.00 |    0 |     0 |  0.00 |    0 |     0 |  0.00 |
| X1Y0              |    0 |    24 |  0.00 |    1 |    24 |  4.17 |    0 |    24 |  0.00 |    1 |    24 |  4.17 |
| X2Y0              |    4 |    24 | 16.67 |    4 |    24 | 16.67 |    0 |    24 |  0.00 |    2 |    24 |  8.33 |
| X3Y0              |    6 |    24 | 25.00 |    4 |    24 | 16.67 |    0 |    24 |  0.00 |    1 |    24 |  4.17 |
| X0Y1              |    0 |     0 |  0.00 |    0 |     0 |  0.00 |    0 |     0 |  0.00 |    0 |     0 |  0.00 |
| X1Y1              |    0 |    24 |  0.00 |    1 |    24 |  4.17 |    1 |    24 |  4.17 |    1 |    24 |  4.17 |
| X2Y1              |    0 |    24 |  0.00 |    2 |    24 |  8.33 |    1 |    24 |  4.17 |    0 |    24 |  0.00 |
| X3Y1              |    0 |    24 |  0.00 |    6 |    24 | 25.00 |    0 |    24 |  0.00 |    2 |    24 |  8.33 |
| X0Y2              |    0 |     0 |  0.00 |    0 |     0 |  0.00 |    0 |     0 |  0.00 |    0 |     0 |  0.00 |
| X1Y2              |    2 |    24 |  8.33 |    2 |    24 |  8.33 |    1 |    24 |  4.17 |    2 |    24 |  8.33 |
| X2Y2              |    0 |    24 |  0.00 |    2 |    24 |  8.33 |    1 |    24 |  4.17 |    1 |    24 |  4.17 |
| X3Y2              |    0 |    24 |  0.00 |    5 |    24 | 20.83 |    0 |    24 |  0.00 |    1 |    24 |  4.17 |
| X0Y3              |    0 |    24 |  0.00 |    1 |    24 |  4.17 |    0 |    24 |  0.00 |    0 |    24 |  0.00 |
| X1Y3              |    0 |    24 |  0.00 |    1 |    24 |  4.17 |    0 |    24 |  0.00 |    0 |    24 |  0.00 |
| X2Y3              |    0 |    24 |  0.00 |    2 |    24 |  8.33 |    0 |    24 |  0.00 |    0 |    24 |  0.00 |
| X3Y3              |    0 |    24 |  0.00 |    2 |    24 |  8.33 |    0 |    24 |  0.00 |    0 |    24 |  0.00 |
| X0Y4              |    0 |    24 |  0.00 |    0 |    24 |  0.00 |    0 |    24 |  0.00 |    0 |    24 |  0.00 |
| X1Y4              |    0 |    24 |  0.00 |    0 |    24 |  0.00 |    0 |    24 |  0.00 |    0 |    24 |  0.00 |
| X2Y4              |    0 |    24 |  0.00 |    0 |    24 |  0.00 |    0 |    24 |  0.00 |    0 |    24 |  0.00 |
| X3Y4              |    0 |    24 |  0.00 |    0 |    24 |  0.00 |    0 |    24 |  0.00 |    0 |    24 |  0.00 |
| X0Y5              |    0 |    24 |  0.00 |    0 |    24 |  0.00 |    0 |    24 |  0.00 |    0 |    24 |  0.00 |
| X1Y5              |    0 |    24 |  0.00 |    0 |    24 |  0.00 |    0 |    24 |  0.00 |    0 |    24 |  0.00 |
| X2Y5              |    0 |    24 |  0.00 |    0 |    24 |  0.00 |    0 |    24 |  0.00 |    0 |    24 |  0.00 |
| X3Y5              |    0 |    24 |  0.00 |    0 |    24 |  0.00 |    0 |    24 |  0.00 |    0 |    24 |  0.00 |
| X0Y6              |    0 |    24 |  0.00 |    0 |    24 |  0.00 |    0 |    24 |  0.00 |    0 |    24 |  0.00 |
| X1Y6              |    0 |    24 |  0.00 |    0 |    24 |  0.00 |    0 |    24 |  0.00 |    0 |    24 |  0.00 |
| X2Y6              |    0 |    24 |  0.00 |    0 |    24 |  0.00 |    0 |    24 |  0.00 |    0 |    24 |  0.00 |
| X3Y6              |    0 |    24 |  0.00 |    0 |    24 |  0.00 |    0 |    24 |  0.00 |    0 |    24 |  0.00 |
+-------------------+------+-------+-------+------+-------+-------+------+-------+-------+------+-------+-------+


9. Device Cell Placement Summary for Global Clock g0
----------------------------------------------------

+-----------+-----------------+-------------------+----------+-------------+---------------+----------+-------------+----------+----------------+----------+----------------------------------------------------------+
| Global Id | Driver Type/Pin | Driver Region (D) | Clock    | Period (ns) | Waveform (ns) | Root (R) | Slice Loads | IO Loads | Clocking Loads | GT Loads | Net                                                      |
+-----------+-----------------+-------------------+----------+-------------+---------------+----------+-------------+----------+----------------+----------+----------------------------------------------------------+
| g0        | BUFG_PS/O       | X1Y2              | clk_pl_0 |      10.000 | {0.000 5.000} | X1Y1     |       10900 |        0 |              0 |        0 | MercuryXU1_i/MercuryXU1_i/zynq_ultra_ps_e_0/inst/pl_clk0 |
+-----------+-----------------+-------------------+----------+-------------+---------------+----------+-------------+----------+----------------+----------+----------------------------------------------------------+
* Slice Loads column represents load cell count of all cell types other than IO, GT and clock resources
** IO Loads column represents load cell count of IO types
*** Clocking Loads column represents load cell count that are clock resources (global clock buffer, MMCM, PLL, etc)
**** GT Loads column represents load cell count of GT types


+----+-------+----------+------+-----+
|    | X0    | X1       | X2   | X3  |
+----+-------+----------+------+-----+
| Y6 |     0 |        0 |    0 |   0 |
| Y5 |     0 |        0 |    0 |   0 |
| Y4 |     0 |        0 |    0 |   0 |
| Y3 |  2005 |       76 |    0 |   0 |
| Y2 |     0 |  (D) 560 |   22 |  74 |
| Y1 |     0 | (R) 1091 |    0 |   0 |
| Y0 |     1 |     6820 |  251 |   0 |
+----+-------+----------+------+-----+


10. Device Cell Placement Summary for Global Clock g1
-----------------------------------------------------

+-----------+-----------------+-------------------+-------+-------------+---------------+----------+-------------+----------+----------------+----------+-----------------------------+
| Global Id | Driver Type/Pin | Driver Region (D) | Clock | Period (ns) | Waveform (ns) | Root (R) | Slice Loads | IO Loads | Clocking Loads | GT Loads | Net                         |
+-----------+-----------------+-------------------+-------+-------------+---------------+----------+-------------+----------+----------------+----------+-----------------------------+
| g1        | BUFGCE_DIV/O    | X3Y0              |       |             |               | X3Y0     |        1263 |       17 |              0 |        0 | Ad9229Core_b64/s_serDiv2Clk |
+-----------+-----------------+-------------------+-------+-------------+---------------+----------+-------------+----------+----------------+----------+-----------------------------+
* Slice Loads column represents load cell count of all cell types other than IO, GT and clock resources
** IO Loads column represents load cell count of IO types
*** Clocking Loads column represents load cell count that are clock resources (global clock buffer, MMCM, PLL, etc)
**** GT Loads column represents load cell count of GT types


+----+----+----+------+-------------+
|    | X0 | X1 | X2   | X3          |
+----+----+----+------+-------------+
| Y6 |  0 |  0 |    0 |           0 |
| Y5 |  0 |  0 |    0 |           0 |
| Y4 |  0 |  0 |    0 |           0 |
| Y3 |  0 |  0 |    0 |           0 |
| Y2 |  0 |  0 |    0 |           0 |
| Y1 |  0 |  0 |  184 |         749 |
| Y0 |  0 |  0 |   37 | (R) (D) 310 |
+----+----+----+------+-------------+


11. Device Cell Placement Summary for Global Clock g2
-----------------------------------------------------

+-----------+-----------------+-------------------+-------+-------------+---------------+----------+-------------+----------+----------------+----------+-------------------------+
| Global Id | Driver Type/Pin | Driver Region (D) | Clock | Period (ns) | Waveform (ns) | Root (R) | Slice Loads | IO Loads | Clocking Loads | GT Loads | Net                     |
+-----------+-----------------+-------------------+-------+-------------+---------------+----------+-------------+----------+----------------+----------+-------------------------+
| g2        | BUFGCE/O        | X3Y0              |       |             |               | X3Y0     |           0 |       17 |              0 |        0 | Ad9229Core_b64/s_serClk |
+-----------+-----------------+-------------------+-------+-------------+---------------+----------+-------------+----------+----------------+----------+-------------------------+
* Slice Loads column represents load cell count of all cell types other than IO, GT and clock resources
** IO Loads column represents load cell count of IO types
*** Clocking Loads column represents load cell count that are clock resources (global clock buffer, MMCM, PLL, etc)
**** GT Loads column represents load cell count of GT types


+----+----+----+----+------------+
|    | X0 | X1 | X2 | X3         |
+----+----+----+----+------------+
| Y6 |  0 |  0 |  0 |          0 |
| Y5 |  0 |  0 |  0 |          0 |
| Y4 |  0 |  0 |  0 |          0 |
| Y3 |  0 |  0 |  0 |          0 |
| Y2 |  0 |  0 |  0 |          0 |
| Y1 |  0 |  0 |  0 |          0 |
| Y0 |  0 |  0 |  0 | (R) (D) 17 |
+----+----+----+----+------------+


12. Device Cell Placement Summary for Global Clock g3
-----------------------------------------------------

+-----------+-----------------+-------------------+-------+-------------+---------------+----------+-------------+----------+----------------+----------+-----------------------------+
| Global Id | Driver Type/Pin | Driver Region (D) | Clock | Period (ns) | Waveform (ns) | Root (R) | Slice Loads | IO Loads | Clocking Loads | GT Loads | Net                         |
+-----------+-----------------+-------------------+-------+-------------+---------------+----------+-------------+----------+----------------+----------+-----------------------------+
| g3        | BUFGCE_DIV/O    | X3Y1              |       |             |               | X3Y1     |        1263 |       17 |              0 |        0 | Ad9229Core_b65/s_serDiv2Clk |
+-----------+-----------------+-------------------+-------+-------------+---------------+----------+-------------+----------+----------------+----------+-----------------------------+
* Slice Loads column represents load cell count of all cell types other than IO, GT and clock resources
** IO Loads column represents load cell count of IO types
*** Clocking Loads column represents load cell count that are clock resources (global clock buffer, MMCM, PLL, etc)
**** GT Loads column represents load cell count of GT types


+----+----+----+----+--------------+
|    | X0 | X1 | X2 | X3           |
+----+----+----+----+--------------+
| Y6 |  0 |  0 |  0 |            0 |
| Y5 |  0 |  0 |  0 |            0 |
| Y4 |  0 |  0 |  0 |            0 |
| Y3 |  0 |  0 |  0 |            0 |
| Y2 |  0 |  0 |  0 |            0 |
| Y1 |  0 |  0 |  0 | (R) (D) 1280 |
| Y0 |  0 |  0 |  0 |            0 |
+----+----+----+----+--------------+


13. Device Cell Placement Summary for Global Clock g4
-----------------------------------------------------

+-----------+-----------------+-------------------+-------+-------------+---------------+----------+-------------+----------+----------------+----------+-------------------------+
| Global Id | Driver Type/Pin | Driver Region (D) | Clock | Period (ns) | Waveform (ns) | Root (R) | Slice Loads | IO Loads | Clocking Loads | GT Loads | Net                     |
+-----------+-----------------+-------------------+-------+-------------+---------------+----------+-------------+----------+----------------+----------+-------------------------+
| g4        | BUFGCE/O        | X3Y1              |       |             |               | X3Y1     |           0 |       17 |              0 |        0 | Ad9229Core_b65/s_serClk |
+-----------+-----------------+-------------------+-------+-------------+---------------+----------+-------------+----------+----------------+----------+-------------------------+
* Slice Loads column represents load cell count of all cell types other than IO, GT and clock resources
** IO Loads column represents load cell count of IO types
*** Clocking Loads column represents load cell count that are clock resources (global clock buffer, MMCM, PLL, etc)
**** GT Loads column represents load cell count of GT types


+----+----+----+----+------------+
|    | X0 | X1 | X2 | X3         |
+----+----+----+----+------------+
| Y6 |  0 |  0 |  0 |          0 |
| Y5 |  0 |  0 |  0 |          0 |
| Y4 |  0 |  0 |  0 |          0 |
| Y3 |  0 |  0 |  0 |          0 |
| Y2 |  0 |  0 |  0 |          0 |
| Y1 |  0 |  0 |  0 | (R) (D) 17 |
| Y0 |  0 |  0 |  0 |          0 |
+----+----+----+----+------------+


14. Device Cell Placement Summary for Global Clock g5
-----------------------------------------------------

+-----------+-----------------+-------------------+----------------------------------+-------------+---------------+----------+-------------+----------+----------------+----------+-----------------------------------------+
| Global Id | Driver Type/Pin | Driver Region (D) | Clock                            | Period (ns) | Waveform (ns) | Root (R) | Slice Loads | IO Loads | Clocking Loads | GT Loads | Net                                     |
+-----------+-----------------+-------------------+----------------------------------+-------------+---------------+----------+-------------+----------+----------------+----------+-----------------------------------------+
| g5        | BUFGCE/O        | X3Y0              | clk_out1_62p5_adc_sample_clk_gen |      16.002 | {0.000 8.001} | X2Y0     |         951 |        0 |              0 |        0 | serdes_clock_b64_b66/inst/clk_out1_62p5 |
+-----------+-----------------+-------------------+----------------------------------+-------------+---------------+----------+-------------+----------+----------------+----------+-----------------------------------------+
* Slice Loads column represents load cell count of all cell types other than IO, GT and clock resources
** IO Loads column represents load cell count of IO types
*** Clocking Loads column represents load cell count that are clock resources (global clock buffer, MMCM, PLL, etc)
**** GT Loads column represents load cell count of GT types


+----+----+----+--------+----------+
|    | X0 | X1 | X2     | X3       |
+----+----+----+--------+----------+
| Y6 |  0 |  0 |      0 |        0 |
| Y5 |  0 |  0 |      0 |        0 |
| Y4 |  0 |  0 |      0 |        0 |
| Y3 |  0 |  0 |      0 |        0 |
| Y2 |  0 |  0 |      0 |        0 |
| Y1 |  0 |  0 |    172 |      554 |
| Y0 |  0 |  0 | (R) 41 |  (D) 184 |
+----+----+----+--------+----------+


15. Device Cell Placement Summary for Global Clock g6
-----------------------------------------------------

+-----------+-----------------+-------------------+------------------------------------+-------------+---------------+----------+-------------+----------+----------------+----------+-------------------------------------+
| Global Id | Driver Type/Pin | Driver Region (D) | Clock                              | Period (ns) | Waveform (ns) | Root (R) | Slice Loads | IO Loads | Clocking Loads | GT Loads | Net                                 |
+-----------+-----------------+-------------------+------------------------------------+-------------+---------------+----------+-------------+----------+----------------+----------+-------------------------------------+
| g6        | BUFGCE/O        | X3Y1              | clk_out1_62p5_adc_sample_clk_gen_1 |      16.002 | {0.000 8.001} | X3Y1     |         951 |        0 |              0 |        0 | serdes_clock_b65/inst/clk_out1_62p5 |
+-----------+-----------------+-------------------+------------------------------------+-------------+---------------+----------+-------------+----------+----------------+----------+-------------------------------------+
* Slice Loads column represents load cell count of all cell types other than IO, GT and clock resources
** IO Loads column represents load cell count of IO types
*** Clocking Loads column represents load cell count that are clock resources (global clock buffer, MMCM, PLL, etc)
**** GT Loads column represents load cell count of GT types


+----+----+----+----+-------------+
|    | X0 | X1 | X2 | X3          |
+----+----+----+----+-------------+
| Y6 |  0 |  0 |  0 |           0 |
| Y5 |  0 |  0 |  0 |           0 |
| Y4 |  0 |  0 |  0 |           0 |
| Y3 |  0 |  0 |  0 |           0 |
| Y2 |  0 |  0 |  0 |          85 |
| Y1 |  0 |  0 |  0 | (R) (D) 866 |
| Y0 |  0 |  0 |  0 |           0 |
+----+----+----+----+-------------+


16. Device Cell Placement Summary for Global Clock g7
-----------------------------------------------------

+-----------+-----------------+-------------------+-------+-------------+---------------+----------+-------------+----------+----------------+----------+-----------------------------+
| Global Id | Driver Type/Pin | Driver Region (D) | Clock | Period (ns) | Waveform (ns) | Root (R) | Slice Loads | IO Loads | Clocking Loads | GT Loads | Net                         |
+-----------+-----------------+-------------------+-------+-------------+---------------+----------+-------------+----------+----------------+----------+-----------------------------+
| g7        | BUFGCE_DIV/O    | X3Y2              |       |             |               | X3Y2     |         671 |        9 |              0 |        0 | Ad9229Core_b66/s_serDiv2Clk |
+-----------+-----------------+-------------------+-------+-------------+---------------+----------+-------------+----------+----------------+----------+-----------------------------+
* Slice Loads column represents load cell count of all cell types other than IO, GT and clock resources
** IO Loads column represents load cell count of IO types
*** Clocking Loads column represents load cell count that are clock resources (global clock buffer, MMCM, PLL, etc)
**** GT Loads column represents load cell count of GT types


+----+----+----+------+------------+
|    | X0 | X1 | X2   | X3         |
+----+----+----+------+------------+
| Y6 |  0 |  0 |    0 |          0 |
| Y5 |  0 |  0 |    0 |          0 |
| Y4 |  0 |  0 |    0 |          0 |
| Y3 |  0 |  0 |  104 |        477 |
| Y2 |  0 |  0 |    0 | (R) (D) 99 |
| Y1 |  0 |  0 |    0 |          0 |
| Y0 |  0 |  0 |    0 |          0 |
+----+----+----+------+------------+


17. Device Cell Placement Summary for Global Clock g8
-----------------------------------------------------

+-----------+-----------------+-------------------+-------+-------------+---------------+----------+-------------+----------+----------------+----------+-------------------------+
| Global Id | Driver Type/Pin | Driver Region (D) | Clock | Period (ns) | Waveform (ns) | Root (R) | Slice Loads | IO Loads | Clocking Loads | GT Loads | Net                     |
+-----------+-----------------+-------------------+-------+-------------+---------------+----------+-------------+----------+----------------+----------+-------------------------+
| g8        | BUFGCE/O        | X3Y2              |       |             |               | X3Y2     |           0 |        9 |              0 |        0 | Ad9229Core_b66/s_serClk |
+-----------+-----------------+-------------------+-------+-------------+---------------+----------+-------------+----------+----------------+----------+-------------------------+
* Slice Loads column represents load cell count of all cell types other than IO, GT and clock resources
** IO Loads column represents load cell count of IO types
*** Clocking Loads column represents load cell count that are clock resources (global clock buffer, MMCM, PLL, etc)
**** GT Loads column represents load cell count of GT types


+----+----+----+----+-----------+
|    | X0 | X1 | X2 | X3        |
+----+----+----+----+-----------+
| Y6 |  0 |  0 |  0 |         0 |
| Y5 |  0 |  0 |  0 |         0 |
| Y4 |  0 |  0 |  0 |         0 |
| Y3 |  0 |  0 |  0 |         0 |
| Y2 |  0 |  0 |  0 | (R) (D) 9 |
| Y1 |  0 |  0 |  0 |         0 |
| Y0 |  0 |  0 |  0 |         0 |
+----+----+----+----+-----------+


18. Device Cell Placement Summary for Global Clock g9
-----------------------------------------------------

+-----------+-----------------+-------------------+----------------------------------+-------------+---------------+----------+-------------+----------+----------------+----------+-----------------------------------------+
| Global Id | Driver Type/Pin | Driver Region (D) | Clock                            | Period (ns) | Waveform (ns) | Root (R) | Slice Loads | IO Loads | Clocking Loads | GT Loads | Net                                     |
+-----------+-----------------+-------------------+----------------------------------+-------------+---------------+----------+-------------+----------+----------------+----------+-----------------------------------------+
| g9        | BUFGCE/O        | X3Y0              | clk_out2_62p5_adc_sample_clk_gen |      16.002 | {0.000 8.001} | X2Y2     |         503 |        0 |              0 |        0 | serdes_clock_b64_b66/inst/clk_out2_62p5 |
+-----------+-----------------+-------------------+----------------------------------+-------------+---------------+----------+-------------+----------+----------------+----------+-----------------------------------------+
* Slice Loads column represents load cell count of all cell types other than IO, GT and clock resources
** IO Loads column represents load cell count of IO types
*** Clocking Loads column represents load cell count that are clock resources (global clock buffer, MMCM, PLL, etc)
**** GT Loads column represents load cell count of GT types


+----+----+----+-------+--------+
|    | X0 | X1 | X2    | X3     |
+----+----+----+-------+--------+
| Y6 |  0 |  0 |     0 |      0 |
| Y5 |  0 |  0 |     0 |      0 |
| Y4 |  0 |  0 |     0 |      0 |
| Y3 |  0 |  0 |   116 |    348 |
| Y2 |  0 |  0 | (R) 0 |     39 |
| Y1 |  0 |  0 |     0 |      0 |
| Y0 |  0 |  0 |     0 |  (D) 0 |
+----+----+----+-------+--------+


19. Device Cell Placement Summary for Global Clock g10
------------------------------------------------------

+-----------+-----------------+-------------------+----------+-------------+----------------+----------+-------------+----------+----------------+----------+----------------------------------------------------------+
| Global Id | Driver Type/Pin | Driver Region (D) | Clock    | Period (ns) | Waveform (ns)  | Root (R) | Slice Loads | IO Loads | Clocking Loads | GT Loads | Net                                                      |
+-----------+-----------------+-------------------+----------+-------------+----------------+----------+-------------+----------+----------------+----------+----------------------------------------------------------+
| g10       | BUFG_PS/O       | X1Y2              | clk_pl_1 |      20.000 | {0.000 10.000} | X1Y2     |          41 |        0 |              0 |        0 | MercuryXU1_i/MercuryXU1_i/zynq_ultra_ps_e_0/inst/pl_clk1 |
+-----------+-----------------+-------------------+----------+-------------+----------------+----------+-------------+----------+----------------+----------+----------------------------------------------------------+
* Slice Loads column represents load cell count of all cell types other than IO, GT and clock resources
** IO Loads column represents load cell count of IO types
*** Clocking Loads column represents load cell count that are clock resources (global clock buffer, MMCM, PLL, etc)
**** GT Loads column represents load cell count of GT types


+----+----+------------+----+----+
|    | X0 | X1         | X2 | X3 |
+----+----+------------+----+----+
| Y6 |  0 |          0 |  0 |  0 |
| Y5 |  0 |          0 |  0 |  0 |
| Y4 |  0 |          0 |  0 |  0 |
| Y3 |  0 |          0 |  0 |  0 |
| Y2 |  0 | (R) (D) 41 |  0 |  0 |
| Y1 |  0 |          0 |  0 |  0 |
| Y0 |  0 |          0 |  0 |  0 |
+----+----+------------+----+----+


20. Device Cell Placement Summary for Global Clock g11
------------------------------------------------------

+-----------+-----------------+-------------------+-----------------------------+-------------+---------------+----------+-------------+----------+----------------+----------+-----------------------------------------------------------+
| Global Id | Driver Type/Pin | Driver Region (D) | Clock                       | Period (ns) | Waveform (ns) | Root (R) | Slice Loads | IO Loads | Clocking Loads | GT Loads | Net                                                       |
+-----------+-----------------+-------------------+-----------------------------+-------------+---------------+----------+-------------+----------+----------------+----------+-----------------------------------------------------------+
| g11       | BUFGCE/O        | X3Y0              | clkfbout_adc_sample_clk_gen |       8.001 | {0.000 4.000} | X2Y0     |           0 |        0 |              1 |        0 | serdes_clock_b64_b66/inst/clkfbout_buf_adc_sample_clk_gen |
+-----------+-----------------+-------------------+-----------------------------+-------------+---------------+----------+-------------+----------+----------------+----------+-----------------------------------------------------------+
* Slice Loads column represents load cell count of all cell types other than IO, GT and clock resources
** IO Loads column represents load cell count of IO types
*** Clocking Loads column represents load cell count that are clock resources (global clock buffer, MMCM, PLL, etc)
**** GT Loads column represents load cell count of GT types


+----+----+----+-------+--------+
|    | X0 | X1 | X2    | X3     |
+----+----+----+-------+--------+
| Y6 |  0 |  0 |     0 |      0 |
| Y5 |  0 |  0 |     0 |      0 |
| Y4 |  0 |  0 |     0 |      0 |
| Y3 |  0 |  0 |     0 |      0 |
| Y2 |  0 |  0 |     0 |      0 |
| Y1 |  0 |  0 |     0 |      0 |
| Y0 |  0 |  0 | (R) 0 |  (D) 1 |
+----+----+----+-------+--------+


21. Device Cell Placement Summary for Global Clock g12
------------------------------------------------------

+-----------+-----------------+-------------------+-------------------------------+-------------+---------------+----------+-------------+----------+----------------+----------+-------------------------------------------------------+
| Global Id | Driver Type/Pin | Driver Region (D) | Clock                         | Period (ns) | Waveform (ns) | Root (R) | Slice Loads | IO Loads | Clocking Loads | GT Loads | Net                                                   |
+-----------+-----------------+-------------------+-------------------------------+-------------+---------------+----------+-------------+----------+----------------+----------+-------------------------------------------------------+
| g12       | BUFGCE/O        | X3Y1              | clkfbout_adc_sample_clk_gen_1 |       8.001 | {0.000 4.000} | X3Y1     |           0 |        0 |              1 |        0 | serdes_clock_b65/inst/clkfbout_buf_adc_sample_clk_gen |
+-----------+-----------------+-------------------+-------------------------------+-------------+---------------+----------+-------------+----------+----------------+----------+-------------------------------------------------------+
* Slice Loads column represents load cell count of all cell types other than IO, GT and clock resources
** IO Loads column represents load cell count of IO types
*** Clocking Loads column represents load cell count that are clock resources (global clock buffer, MMCM, PLL, etc)
**** GT Loads column represents load cell count of GT types


+----+----+----+----+-----------+
|    | X0 | X1 | X2 | X3        |
+----+----+----+----+-----------+
| Y6 |  0 |  0 |  0 |         0 |
| Y5 |  0 |  0 |  0 |         0 |
| Y4 |  0 |  0 |  0 |         0 |
| Y3 |  0 |  0 |  0 |         0 |
| Y2 |  0 |  0 |  0 |         0 |
| Y1 |  0 |  0 |  0 | (R) (D) 1 |
| Y0 |  0 |  0 |  0 |         0 |
+----+----+----+----+-----------+


22. Clock Region Cell Placement per Global Clock: Region X1Y0
-------------------------------------------------------------

+-----------+-------+-----------------+------------+-------------+-----------------+------+--------+------+-----+----+------+-----+---------+----------------------------------------------------------+
| Global Id | Track | Driver Type/Pin | Constraint | Clock Loads | Non-Clock Loads | FF   | LUTRAM | RAMB | DSP | GT | MMCM | PLL | Hard IP | Net                                                      |
+-----------+-------+-----------------+------------+-------------+-----------------+------+--------+------+-----+----+------+-----+---------+----------------------------------------------------------+
| g0        | 5     | BUFG_PS/O       | None       |        6820 |               0 | 6629 |    190 |    1 |   0 |  0 |    0 |   0 |       0 | MercuryXU1_i/MercuryXU1_i/zynq_ultra_ps_e_0/inst/pl_clk0 |
+-----------+-------+-----------------+------------+-------------+-----------------+------+--------+------+-----+----+------+-----+---------+----------------------------------------------------------+
* Clock Loads column represents the clock pin loads (pin count)
** Non-Clock Loads column represents the non-clock pin loads (pin count)
*** Columns FF, LUTRAM, RAMB through 'Hard IP' represents load cell counts


23. Clock Region Cell Placement per Global Clock: Region X2Y0
-------------------------------------------------------------

+-----------+-------+-----------------+------------+-------------+-----------------+-----+--------+------+-----+----+------+-----+---------+-----------------------------------------------------------+
| Global Id | Track | Driver Type/Pin | Constraint | Clock Loads | Non-Clock Loads | FF  | LUTRAM | RAMB | DSP | GT | MMCM | PLL | Hard IP | Net                                                       |
+-----------+-------+-----------------+------------+-------------+-----------------+-----+--------+------+-----+----+------+-----+---------+-----------------------------------------------------------+
| g0        | 5     | BUFG_PS/O       | None       |         251 |               0 | 249 |      0 |    2 |   0 |  0 |    0 |   0 |       0 | MercuryXU1_i/MercuryXU1_i/zynq_ultra_ps_e_0/inst/pl_clk0  |
| g1        | 23    | BUFGCE_DIV/O    | None       |          37 |               0 |  37 |      0 |    0 |   0 |  0 |    0 |   0 |       0 | Ad9229Core_b64/s_serDiv2Clk                               |
| g5        | 14    | BUFGCE/O        | None       |          41 |               0 |  41 |      0 |    0 |   0 |  0 |    0 |   0 |       0 | serdes_clock_b64_b66/inst/clk_out1_62p5                   |
| g9+       | 8     | BUFGCE/O        | None       |           0 |               0 |   0 |      0 |    0 |   0 |  0 |    0 |   0 |       0 | serdes_clock_b64_b66/inst/clk_out2_62p5                   |
| g11+      | 20    | BUFGCE/O        | None       |           0 |               0 |   0 |      0 |    0 |   0 |  0 |    0 |   0 |       0 | serdes_clock_b64_b66/inst/clkfbout_buf_adc_sample_clk_gen |
+-----------+-------+-----------------+------------+-------------+-----------------+-----+--------+------+-----+----+------+-----+---------+-----------------------------------------------------------+
* Clock Loads column represents the clock pin loads (pin count)
** Non-Clock Loads column represents the non-clock pin loads (pin count)
*** Columns FF, LUTRAM, RAMB through 'Hard IP' represents load cell counts
**** In Global Id column, sympbol '+' indicates that global clock was used only to route through the clock region.


24. Clock Region Cell Placement per Global Clock: Region X3Y0
-------------------------------------------------------------

+-----------+-------+-----------------+------------+-------------+-----------------+-----+--------+------+-----+----+------+-----+---------+-----------------------------------------------------------+
| Global Id | Track | Driver Type/Pin | Constraint | Clock Loads | Non-Clock Loads | FF  | LUTRAM | RAMB | DSP | GT | MMCM | PLL | Hard IP | Net                                                       |
+-----------+-------+-----------------+------------+-------------+-----------------+-----+--------+------+-----+----+------+-----+---------+-----------------------------------------------------------+
| g1        | 23    | BUFGCE_DIV/O    | None       |         310 |               0 | 276 |      0 |    0 |   0 |  0 |    0 |   0 |       0 | Ad9229Core_b64/s_serDiv2Clk                               |
| g5        | 14    | BUFGCE/O        | None       |         184 |               0 | 184 |      0 |    0 |   0 |  0 |    0 |   0 |       0 | serdes_clock_b64_b66/inst/clk_out1_62p5                   |
| g9+       | 8     | BUFGCE/O        | None       |           0 |               0 |   0 |      0 |    0 |   0 |  0 |    0 |   0 |       0 | serdes_clock_b64_b66/inst/clk_out2_62p5                   |
| g2        | 2     | BUFGCE/O        | None       |          17 |               0 |   0 |      0 |    0 |   0 |  0 |    0 |   0 |       0 | Ad9229Core_b64/s_serClk                                   |
| g11       | 20    | BUFGCE/O        | None       |           0 |               1 |   0 |      0 |    0 |   0 |  0 |    1 |   0 |       0 | serdes_clock_b64_b66/inst/clkfbout_buf_adc_sample_clk_gen |
+-----------+-------+-----------------+------------+-------------+-----------------+-----+--------+------+-----+----+------+-----+---------+-----------------------------------------------------------+
* Clock Loads column represents the clock pin loads (pin count)
** Non-Clock Loads column represents the non-clock pin loads (pin count)
*** Columns FF, LUTRAM, RAMB through 'Hard IP' represents load cell counts
**** In Global Id column, sympbol '+' indicates that global clock was used only to route through the clock region.


25. Clock Region Cell Placement per Global Clock: Region X1Y1
-------------------------------------------------------------

+-----------+-------+-----------------+------------+-------------+-----------------+------+--------+------+-----+----+------+-----+---------+----------------------------------------------------------+
| Global Id | Track | Driver Type/Pin | Constraint | Clock Loads | Non-Clock Loads | FF   | LUTRAM | RAMB | DSP | GT | MMCM | PLL | Hard IP | Net                                                      |
+-----------+-------+-----------------+------------+-------------+-----------------+------+--------+------+-----+----+------+-----+---------+----------------------------------------------------------+
| g0        | 5     | BUFG_PS/O       | None       |        1091 |               0 | 1091 |      0 |    0 |   0 |  0 |    0 |   0 |       0 | MercuryXU1_i/MercuryXU1_i/zynq_ultra_ps_e_0/inst/pl_clk0 |
+-----------+-------+-----------------+------------+-------------+-----------------+------+--------+------+-----+----+------+-----+---------+----------------------------------------------------------+
* Clock Loads column represents the clock pin loads (pin count)
** Non-Clock Loads column represents the non-clock pin loads (pin count)
*** Columns FF, LUTRAM, RAMB through 'Hard IP' represents load cell counts


26. Clock Region Cell Placement per Global Clock: Region X2Y1
-------------------------------------------------------------

+-----------+-------+-----------------+------------+-------------+-----------------+-----+--------+------+-----+----+------+-----+---------+-----------------------------------------+
| Global Id | Track | Driver Type/Pin | Constraint | Clock Loads | Non-Clock Loads | FF  | LUTRAM | RAMB | DSP | GT | MMCM | PLL | Hard IP | Net                                     |
+-----------+-------+-----------------+------------+-------------+-----------------+-----+--------+------+-----+----+------+-----+---------+-----------------------------------------+
| g1        | 23    | BUFGCE_DIV/O    | None       |         184 |               0 | 184 |      0 |    0 |   0 |  0 |    0 |   0 |       0 | Ad9229Core_b64/s_serDiv2Clk             |
| g5        | 14    | BUFGCE/O        | None       |         172 |               0 | 172 |      0 |    0 |   0 |  0 |    0 |   0 |       0 | serdes_clock_b64_b66/inst/clk_out1_62p5 |
| g9+       | 8     | BUFGCE/O        | None       |           0 |               0 |   0 |      0 |    0 |   0 |  0 |    0 |   0 |       0 | serdes_clock_b64_b66/inst/clk_out2_62p5 |
+-----------+-------+-----------------+------------+-------------+-----------------+-----+--------+------+-----+----+------+-----+---------+-----------------------------------------+
* Clock Loads column represents the clock pin loads (pin count)
** Non-Clock Loads column represents the non-clock pin loads (pin count)
*** Columns FF, LUTRAM, RAMB through 'Hard IP' represents load cell counts
**** In Global Id column, sympbol '+' indicates that global clock was used only to route through the clock region.


27. Clock Region Cell Placement per Global Clock: Region X3Y1
-------------------------------------------------------------

+-----------+-------+-----------------+------------+-------------+-----------------+------+--------+------+-----+----+------+-----+---------+-------------------------------------------------------+
| Global Id | Track | Driver Type/Pin | Constraint | Clock Loads | Non-Clock Loads | FF   | LUTRAM | RAMB | DSP | GT | MMCM | PLL | Hard IP | Net                                                   |
+-----------+-------+-----------------+------------+-------------+-----------------+------+--------+------+-----+----+------+-----+---------+-------------------------------------------------------+
| g1        | 23    | BUFGCE_DIV/O    | None       |         749 |               0 |  749 |      0 |    0 |   0 |  0 |    0 |   0 |       0 | Ad9229Core_b64/s_serDiv2Clk                           |
| g3        | 17    | BUFGCE_DIV/O    | None       |        1280 |               0 | 1246 |      0 |    0 |   0 |  0 |    0 |   0 |       0 | Ad9229Core_b65/s_serDiv2Clk                           |
| g5        | 14    | BUFGCE/O        | None       |         554 |               0 |  554 |      0 |    0 |   0 |  0 |    0 |   0 |       0 | serdes_clock_b64_b66/inst/clk_out1_62p5               |
| g6        | 12    | BUFGCE/O        | None       |         866 |               0 |  866 |      0 |    0 |   0 |  0 |    0 |   0 |       0 | serdes_clock_b65/inst/clk_out1_62p5                   |
| g4        | 2     | BUFGCE/O        | None       |          17 |               0 |    0 |      0 |    0 |   0 |  0 |    0 |   0 |       0 | Ad9229Core_b65/s_serClk                               |
| g12       | 13    | BUFGCE/O        | None       |           0 |               1 |    0 |      0 |    0 |   0 |  0 |    1 |   0 |       0 | serdes_clock_b65/inst/clkfbout_buf_adc_sample_clk_gen |
+-----------+-------+-----------------+------------+-------------+-----------------+------+--------+------+-----+----+------+-----+---------+-------------------------------------------------------+
* Clock Loads column represents the clock pin loads (pin count)
** Non-Clock Loads column represents the non-clock pin loads (pin count)
*** Columns FF, LUTRAM, RAMB through 'Hard IP' represents load cell counts


28. Clock Region Cell Placement per Global Clock: Region X1Y2
-------------------------------------------------------------

+-----------+-------+-----------------+------------+-------------+-----------------+-----+--------+------+-----+----+------+-----+---------+----------------------------------------------------------+
| Global Id | Track | Driver Type/Pin | Constraint | Clock Loads | Non-Clock Loads | FF  | LUTRAM | RAMB | DSP | GT | MMCM | PLL | Hard IP | Net                                                      |
+-----------+-------+-----------------+------------+-------------+-----------------+-----+--------+------+-----+----+------+-----+---------+----------------------------------------------------------+
| g0        | 5     | BUFG_PS/O       | None       |         560 |               0 | 542 |     18 |    0 |   0 |  0 |    0 |   0 |       0 | MercuryXU1_i/MercuryXU1_i/zynq_ultra_ps_e_0/inst/pl_clk0 |
| g10       | 7     | BUFG_PS/O       | None       |          41 |               0 |  41 |      0 |    0 |   0 |  0 |    0 |   0 |       0 | MercuryXU1_i/MercuryXU1_i/zynq_ultra_ps_e_0/inst/pl_clk1 |
+-----------+-------+-----------------+------------+-------------+-----------------+-----+--------+------+-----+----+------+-----+---------+----------------------------------------------------------+
* Clock Loads column represents the clock pin loads (pin count)
** Non-Clock Loads column represents the non-clock pin loads (pin count)
*** Columns FF, LUTRAM, RAMB through 'Hard IP' represents load cell counts


29. Clock Region Cell Placement per Global Clock: Region X2Y2
-------------------------------------------------------------

+-----------+-------+-----------------+------------+-------------+-----------------+----+--------+------+-----+----+------+-----+---------+----------------------------------------------------------+
| Global Id | Track | Driver Type/Pin | Constraint | Clock Loads | Non-Clock Loads | FF | LUTRAM | RAMB | DSP | GT | MMCM | PLL | Hard IP | Net                                                      |
+-----------+-------+-----------------+------------+-------------+-----------------+----+--------+------+-----+----+------+-----+---------+----------------------------------------------------------+
| g0        | 5     | BUFG_PS/O       | None       |          22 |               0 | 22 |      0 |    0 |   0 |  0 |    0 |   0 |       0 | MercuryXU1_i/MercuryXU1_i/zynq_ultra_ps_e_0/inst/pl_clk0 |
| g9+       | 8     | BUFGCE/O        | None       |           0 |               0 |  0 |      0 |    0 |   0 |  0 |    0 |   0 |       0 | serdes_clock_b64_b66/inst/clk_out2_62p5                  |
+-----------+-------+-----------------+------------+-------------+-----------------+----+--------+------+-----+----+------+-----+---------+----------------------------------------------------------+
* Clock Loads column represents the clock pin loads (pin count)
** Non-Clock Loads column represents the non-clock pin loads (pin count)
*** Columns FF, LUTRAM, RAMB through 'Hard IP' represents load cell counts
**** In Global Id column, sympbol '+' indicates that global clock was used only to route through the clock region.


30. Clock Region Cell Placement per Global Clock: Region X3Y2
-------------------------------------------------------------

+-----------+-------+-----------------+------------+-------------+-----------------+----+--------+------+-----+----+------+-----+---------+----------------------------------------------------------+
| Global Id | Track | Driver Type/Pin | Constraint | Clock Loads | Non-Clock Loads | FF | LUTRAM | RAMB | DSP | GT | MMCM | PLL | Hard IP | Net                                                      |
+-----------+-------+-----------------+------------+-------------+-----------------+----+--------+------+-----+----+------+-----+---------+----------------------------------------------------------+
| g0        | 5     | BUFG_PS/O       | None       |          74 |               0 | 73 |      0 |    0 |   0 |  0 |    0 |   0 |       0 | MercuryXU1_i/MercuryXU1_i/zynq_ultra_ps_e_0/inst/pl_clk0 |
| g6        | 12    | BUFGCE/O        | None       |          85 |               0 | 85 |      0 |    0 |   0 |  0 |    0 |   0 |       0 | serdes_clock_b65/inst/clk_out1_62p5                      |
| g7        | 17    | BUFGCE_DIV/O    | None       |          99 |               0 | 81 |      0 |    0 |   0 |  0 |    0 |   0 |       0 | Ad9229Core_b66/s_serDiv2Clk                              |
| g9        | 8     | BUFGCE/O        | None       |          39 |               0 | 39 |      0 |    0 |   0 |  0 |    0 |   0 |       0 | serdes_clock_b64_b66/inst/clk_out2_62p5                  |
| g8        | 2     | BUFGCE/O        | None       |           9 |               0 |  0 |      0 |    0 |   0 |  0 |    0 |   0 |       0 | Ad9229Core_b66/s_serClk                                  |
+-----------+-------+-----------------+------------+-------------+-----------------+----+--------+------+-----+----+------+-----+---------+----------------------------------------------------------+
* Clock Loads column represents the clock pin loads (pin count)
** Non-Clock Loads column represents the non-clock pin loads (pin count)
*** Columns FF, LUTRAM, RAMB through 'Hard IP' represents load cell counts


31. Clock Region Cell Placement per Global Clock: Region X0Y3
-------------------------------------------------------------

+-----------+-------+-----------------+------------+-------------+-----------------+------+--------+------+-----+----+------+-----+---------+----------------------------------------------------------+
| Global Id | Track | Driver Type/Pin | Constraint | Clock Loads | Non-Clock Loads | FF   | LUTRAM | RAMB | DSP | GT | MMCM | PLL | Hard IP | Net                                                      |
+-----------+-------+-----------------+------------+-------------+-----------------+------+--------+------+-----+----+------+-----+---------+----------------------------------------------------------+
| g0        | 5     | BUFG_PS/O       | None       |        2005 |               0 | 1805 |    200 |    0 |   0 |  0 |    0 |   0 |       0 | MercuryXU1_i/MercuryXU1_i/zynq_ultra_ps_e_0/inst/pl_clk0 |
+-----------+-------+-----------------+------------+-------------+-----------------+------+--------+------+-----+----+------+-----+---------+----------------------------------------------------------+
* Clock Loads column represents the clock pin loads (pin count)
** Non-Clock Loads column represents the non-clock pin loads (pin count)
*** Columns FF, LUTRAM, RAMB through 'Hard IP' represents load cell counts


32. Clock Region Cell Placement per Global Clock: Region X1Y3
-------------------------------------------------------------

+-----------+-------+-----------------+------------+-------------+-----------------+----+--------+------+-----+----+------+-----+---------+----------------------------------------------------------+
| Global Id | Track | Driver Type/Pin | Constraint | Clock Loads | Non-Clock Loads | FF | LUTRAM | RAMB | DSP | GT | MMCM | PLL | Hard IP | Net                                                      |
+-----------+-------+-----------------+------------+-------------+-----------------+----+--------+------+-----+----+------+-----+---------+----------------------------------------------------------+
| g0        | 5     | BUFG_PS/O       | None       |          76 |               0 | 61 |     15 |    0 |   0 |  0 |    0 |   0 |       0 | MercuryXU1_i/MercuryXU1_i/zynq_ultra_ps_e_0/inst/pl_clk0 |
+-----------+-------+-----------------+------------+-------------+-----------------+----+--------+------+-----+----+------+-----+---------+----------------------------------------------------------+
* Clock Loads column represents the clock pin loads (pin count)
** Non-Clock Loads column represents the non-clock pin loads (pin count)
*** Columns FF, LUTRAM, RAMB through 'Hard IP' represents load cell counts


33. Clock Region Cell Placement per Global Clock: Region X2Y3
-------------------------------------------------------------

+-----------+-------+-----------------+------------+-------------+-----------------+-----+--------+------+-----+----+------+-----+---------+-----------------------------------------+
| Global Id | Track | Driver Type/Pin | Constraint | Clock Loads | Non-Clock Loads | FF  | LUTRAM | RAMB | DSP | GT | MMCM | PLL | Hard IP | Net                                     |
+-----------+-------+-----------------+------------+-------------+-----------------+-----+--------+------+-----+----+------+-----+---------+-----------------------------------------+
| g7        | 17    | BUFGCE_DIV/O    | None       |         104 |               0 | 104 |      0 |    0 |   0 |  0 |    0 |   0 |       0 | Ad9229Core_b66/s_serDiv2Clk             |
| g9        | 8     | BUFGCE/O        | None       |         116 |               0 | 116 |      0 |    0 |   0 |  0 |    0 |   0 |       0 | serdes_clock_b64_b66/inst/clk_out2_62p5 |
+-----------+-------+-----------------+------------+-------------+-----------------+-----+--------+------+-----+----+------+-----+---------+-----------------------------------------+
* Clock Loads column represents the clock pin loads (pin count)
** Non-Clock Loads column represents the non-clock pin loads (pin count)
*** Columns FF, LUTRAM, RAMB through 'Hard IP' represents load cell counts


34. Clock Region Cell Placement per Global Clock: Region X3Y3
-------------------------------------------------------------

+-----------+-------+-----------------+------------+-------------+-----------------+-----+--------+------+-----+----+------+-----+---------+-----------------------------------------+
| Global Id | Track | Driver Type/Pin | Constraint | Clock Loads | Non-Clock Loads | FF  | LUTRAM | RAMB | DSP | GT | MMCM | PLL | Hard IP | Net                                     |
+-----------+-------+-----------------+------------+-------------+-----------------+-----+--------+------+-----+----+------+-----+---------+-----------------------------------------+
| g7        | 17    | BUFGCE_DIV/O    | None       |         477 |               0 | 477 |      0 |    0 |   0 |  0 |    0 |   0 |       0 | Ad9229Core_b66/s_serDiv2Clk             |
| g9        | 8     | BUFGCE/O        | None       |         348 |               0 | 348 |      0 |    0 |   0 |  0 |    0 |   0 |       0 | serdes_clock_b64_b66/inst/clk_out2_62p5 |
+-----------+-------+-----------------+------------+-------------+-----------------+-----+--------+------+-----+----+------+-----+---------+-----------------------------------------+
* Clock Loads column represents the clock pin loads (pin count)
** Non-Clock Loads column represents the non-clock pin loads (pin count)
*** Columns FF, LUTRAM, RAMB through 'Hard IP' represents load cell counts


