Copyright 1986-2020 Xilinx, Inc. All Rights Reserved.
-----------------------------------------------------------------------------------------------------------------
| Tool Version : Vivado v.2020.1 (win64) Build 2902540 Wed May 27 19:54:49 MDT 2020
| Date         : Mon Nov 23 15:35:37 2020
| Host         : edev3 running 64-bit major release  (build 9200)
| Command      : report_utilization -file system_top_utilization_placed.rpt -pb system_top_utilization_placed.pb
| Design       : system_top
| Device       : xczu6egffvc900-1
| Design State : Fully Placed
-----------------------------------------------------------------------------------------------------------------

Utilization Design Information

Table of Contents
-----------------
1. CLB Logic
1.1 Summary of Registers by Type
2. CLB Logic Distribution
3. BLOCKRAM
4. ARITHMETIC
5. I/O
6. CLOCK
7. ADVANCED
8. CONFIGURATION
9. Primitives
10. Black Boxes
11. Instantiated Netlists

1. CLB Logic
------------

+----------------------------+-------+-------+-----------+-------+
|          Site Type         |  Used | Fixed | Available | Util% |
+----------------------------+-------+-------+-----------+-------+
| CLB LUTs                   |  8984 |     0 |    214604 |  4.19 |
|   LUT as Logic             |  7662 |     0 |    214604 |  3.57 |
|   LUT as Memory            |  1322 |     0 |    144000 |  0.92 |
|     LUT as Distributed RAM |  1004 |     0 |           |       |
|     LUT as Shift Register  |   318 |     0 |           |       |
| CLB Registers              | 13204 |     0 |    429208 |  3.08 |
|   Register as Flip Flop    | 13204 |     0 |    429208 |  3.08 |
|   Register as Latch        |     0 |     0 |    429208 |  0.00 |
| CARRY8                     |    25 |     0 |     34260 |  0.07 |
| F7 Muxes                   |    15 |     0 |    137040 |  0.01 |
| F8 Muxes                   |     0 |     0 |     68520 |  0.00 |
| F9 Muxes                   |     0 |     0 |     34260 |  0.00 |
+----------------------------+-------+-------+-----------+-------+


1.1 Summary of Registers by Type
--------------------------------

+-------+--------------+-------------+--------------+
| Total | Clock Enable | Synchronous | Asynchronous |
+-------+--------------+-------------+--------------+
| 0     |            _ |           - |            - |
| 0     |            _ |           - |          Set |
| 0     |            _ |           - |        Reset |
| 0     |            _ |         Set |            - |
| 0     |            _ |       Reset |            - |
| 0     |          Yes |           - |            - |
| 90    |          Yes |           - |          Set |
| 0     |          Yes |           - |        Reset |
| 560   |          Yes |         Set |            - |
| 12554 |          Yes |       Reset |            - |
+-------+--------------+-------------+--------------+


2. CLB Logic Distribution
-------------------------

+--------------------------------------------+-------+-------+-----------+-------+
|                  Site Type                 |  Used | Fixed | Available | Util% |
+--------------------------------------------+-------+-------+-----------+-------+
| CLB                                        |  2266 |     0 |     34260 |  6.61 |
|   CLBL                                     |   990 |     0 |           |       |
|   CLBM                                     |  1276 |     0 |           |       |
| LUT as Logic                               |  7662 |     0 |    214604 |  3.57 |
|   using O5 output only                     |   342 |       |           |       |
|   using O6 output only                     |  4914 |       |           |       |
|   using O5 and O6                          |  2406 |       |           |       |
| LUT as Memory                              |  1322 |     0 |    144000 |  0.92 |
|   LUT as Distributed RAM                   |  1004 |     0 |           |       |
|     using O5 output only                   |     0 |       |           |       |
|     using O6 output only                   |     4 |       |           |       |
|     using O5 and O6                        |  1000 |       |           |       |
|   LUT as Shift Register                    |   318 |     0 |           |       |
|     using O5 output only                   |     0 |       |           |       |
|     using O6 output only                   |   263 |       |           |       |
|     using O5 and O6                        |    55 |       |           |       |
| CLB Registers                              | 13204 |     0 |    429208 |  3.08 |
|   Register driven from within the CLB      |  6717 |       |           |       |
|   Register driven from outside the CLB     |  6487 |       |           |       |
|     LUT in front of the register is unused |  5304 |       |           |       |
|     LUT in front of the register is used   |  1183 |       |           |       |
| Unique Control Sets                        |   709 |       |     68520 |  1.03 |
+--------------------------------------------+-------+-------+-----------+-------+
* * Note: Available Control Sets calculated as Slices * 2, Review the Control Sets Report for more information regarding control sets.


3. BLOCKRAM
-----------

+-------------------+------+-------+-----------+-------+
|     Site Type     | Used | Fixed | Available | Util% |
+-------------------+------+-------+-----------+-------+
| Block RAM Tile    |    2 |     0 |       714 |  0.28 |
|   RAMB36/FIFO*    |    2 |     0 |       714 |  0.28 |
|     RAMB36E2 only |    2 |       |           |       |
|   RAMB18          |    0 |     0 |      1428 |  0.00 |
+-------------------+------+-------+-----------+-------+
* Note: Each Block RAM Tile only has one FIFO logic available and therefore can accommodate only one FIFO36E2 or one FIFO18E2. However, if a FIFO18E2 occupies a Block RAM Tile, that tile can still accommodate a RAMB18E2


4. ARITHMETIC
-------------

+-----------+------+-------+-----------+-------+
| Site Type | Used | Fixed | Available | Util% |
+-----------+------+-------+-----------+-------+
| DSPs      |    0 |     0 |      1973 |  0.00 |
+-----------+------+-------+-----------+-------+


5. I/O
------

+------------------+------+-------+-----------+-------+
|     Site Type    | Used | Fixed | Available | Util% |
+------------------+------+-------+-----------+-------+
| Bonded IOB       |   79 |    79 |       204 | 38.73 |
| HPIOB_M          |   38 |    38 |        72 | 52.78 |
|   INPUT          |    0 |       |           |       |
|   OUTPUT         |    0 |       |           |       |
|   BIDIR          |   38 |       |           |       |
| HPIOB_S          |   38 |    38 |        72 | 52.78 |
|   INPUT          |    0 |       |           |       |
|   OUTPUT         |    0 |       |           |       |
|   BIDIR          |   38 |       |           |       |
| HDIOB_M          |    0 |     0 |        24 |  0.00 |
| HDIOB_S          |    0 |     0 |        24 |  0.00 |
| HPIOB_SNGL       |    3 |     3 |        12 | 25.00 |
|   INPUT          |    0 |       |           |       |
|   OUTPUT         |    1 |       |           |       |
|   BIDIR          |    2 |       |           |       |
| HPIOBDIFFINBUF   |   31 |    31 |        96 | 32.29 |
|   DIFFINBUF      |   31 |    31 |           |       |
| HPIOBDIFFOUTBUF  |    0 |     0 |        96 |  0.00 |
| HDIOBDIFFINBUF   |    0 |     0 |        60 |  0.00 |
| BITSLICE_CONTROL |    0 |     0 |        32 |  0.00 |
| BITSLICE_RX_TX   |   30 |    30 |       208 | 14.42 |
|   ISERDES        |   30 |    30 |           |       |
| BITSLICE_TX      |    0 |     0 |        32 |  0.00 |
| RIU_OR           |    0 |     0 |        16 |  0.00 |
+------------------+------+-------+-----------+-------+


6. CLOCK
--------

+----------------------+------+-------+-----------+-------+
|       Site Type      | Used | Fixed | Available | Util% |
+----------------------+------+-------+-----------+-------+
| GLOBAL CLOCK BUFFERs |   13 |     0 |       404 |  3.22 |
|   BUFGCE             |    9 |     0 |       116 |  7.76 |
|   BUFGCE_DIV         |    2 |     0 |        16 | 12.50 |
|   BUFG_GT            |    0 |     0 |       168 |  0.00 |
|   BUFG_PS            |    2 |     0 |        72 |  2.78 |
|   BUFGCTRL*          |    0 |     0 |        32 |  0.00 |
| PLL                  |    0 |     0 |         8 |  0.00 |
| MMCM                 |    2 |     0 |         4 | 50.00 |
+----------------------+------+-------+-----------+-------+
* Note: Each used BUFGCTRL counts as two GLOBAL CLOCK BUFFERs. This table does not include global clocking resources, only buffer cell usage. See the Clock Utilization Report (report_clock_utilization) for detailed accounting of global clocking resource availability.


7. ADVANCED
-----------

+-----------------+------+-------+-----------+--------+
|    Site Type    | Used | Fixed | Available |  Util% |
+-----------------+------+-------+-----------+--------+
| GTHE4_CHANNEL   |    0 |     0 |        16 |   0.00 |
| GTHE4_COMMON    |    0 |     0 |         4 |   0.00 |
| OBUFDS_GTE4     |    0 |     0 |         8 |   0.00 |
| OBUFDS_GTE4_ADV |    0 |     0 |         8 |   0.00 |
| PS8             |    1 |     0 |         1 | 100.00 |
| SYSMONE4        |    1 |     1 |         1 | 100.00 |
+-----------------+------+-------+-----------+--------+


8. CONFIGURATION
----------------

+-------------+------+-------+-----------+-------+
|  Site Type  | Used | Fixed | Available | Util% |
+-------------+------+-------+-----------+-------+
| BSCANE2     |    0 |     0 |         4 |  0.00 |
| DNA_PORTE2  |    0 |     0 |         1 |  0.00 |
| EFUSE_USR   |    0 |     0 |         1 |  0.00 |
| FRAME_ECCE4 |    0 |     0 |         1 |  0.00 |
| ICAPE3      |    0 |     0 |         2 |  0.00 |
| MASTER_JTAG |    0 |     0 |         1 |  0.00 |
| STARTUPE3   |    0 |     0 |         1 |  0.00 |
+-------------+------+-------+-----------+-------+


9. Primitives
-------------

+------------+-------+---------------------+
|  Ref Name  |  Used | Functional Category |
+------------+-------+---------------------+
| FDRE       | 12554 |            Register |
| LUT6       |  3410 |                 CLB |
| LUT3       |  2525 |                 CLB |
| RAMD32     |  1754 |                 CLB |
| LUT5       |  1380 |                 CLB |
| LUT4       |  1274 |                 CLB |
| LUT1       |   745 |                 CLB |
| LUT2       |   734 |                 CLB |
| FDSE       |   560 |            Register |
| RAMS32     |   250 |                 CLB |
| SRL16E     |   220 |                 CLB |
| SRLC32E    |   153 |                 CLB |
| FDPE       |    90 |            Register |
| IBUFCTRL   |    40 |              Others |
| DIFFINBUF  |    31 |                 I/O |
| ISERDESE3  |    30 |                 I/O |
| IDELAYE3   |    30 |                 I/O |
| CARRY8     |    25 |                 CLB |
| MUXF7      |    15 |                 CLB |
| OBUFT      |     9 |                 I/O |
| INBUF      |     9 |                 I/O |
| BUFGCE     |     9 |               Clock |
| OBUF       |     8 |                 I/O |
| RAMB36E2   |     2 |           Block Ram |
| MMCME4_ADV |     2 |               Clock |
| BUFG_PS    |     2 |               Clock |
| BUFGCE_DIV |     2 |               Clock |
| SYSMONE4   |     1 |            Advanced |
| PS8        |     1 |            Advanced |
+------------+-------+---------------------+


10. Black Boxes
---------------

+----------+------+
| Ref Name | Used |
+----------+------+


11. Instantiated Netlists
-------------------------

+-----------------------+------+
|        Ref Name       | Used |
+-----------------------+------+
| clk_wiz_1_b64_b66_pll |    1 |
| clk_wiz_0_b65_mmcm    |    1 |
+-----------------------+------+


