#-----------------------------------------------------------
# Webtalk v2020.1 (64-bit)
# SW Build 2902540 on Wed May 27 19:54:49 MDT 2020
# IP Build 2902112 on Wed May 27 22:43:36 MDT 2020
# Start of session at: Fri Oct  2 14:33:24 2020
# Process ID: 155024
# Current directory: C:/Repos/rev0-2020.1-petalinux/Vivado_NuPRISM_AddingDMA/function_gen_test/function_gen_test/function_gen_test.sim/sim_1/behav/xsim
# Command line: wbtcv.exe -mode batch -source C:/Repos/rev0-2020.1-petalinux/Vivado_NuPRISM_AddingDMA/function_gen_test/function_gen_test/function_gen_test.sim/sim_1/behav/xsim/xsim.dir/sample_generator_tb_behav/webtalk/xsim_webtalk.tcl -notrace
# Log file: C:/Repos/rev0-2020.1-petalinux/Vivado_NuPRISM_AddingDMA/function_gen_test/function_gen_test/function_gen_test.sim/sim_1/behav/xsim/webtalk.log
# Journal file: C:/Repos/rev0-2020.1-petalinux/Vivado_NuPRISM_AddingDMA/function_gen_test/function_gen_test/function_gen_test.sim/sim_1/behav/xsim\webtalk.jou
#-----------------------------------------------------------
source C:/Repos/rev0-2020.1-petalinux/Vivado_NuPRISM_AddingDMA/function_gen_test/function_gen_test/function_gen_test.sim/sim_1/behav/xsim/xsim.dir/sample_generator_tb_behav/webtalk/xsim_webtalk.tcl -notrace
